[themesbrand.com/skote/layouts/index.html]
[backblue.gif]
[fade.gif]
[index.html]
[themesbrand.com/skote/layouts/assets/images/favicon.ico]
[themesbrand.com/skote/layouts/assets/css/bootstrap.min.css]
[themesbrand.com/skote/layouts/assets/css/icons.min.css]
[themesbrand.com/skote/layouts/assets/css/app.min.css]
[themesbrand.com/skote/layouts/assets/images/logo-dark.png]
[themesbrand.com/skote/layouts/assets/images/logo-light.png]
[themesbrand.com/skote/layouts/assets/images/megamenu-img.png]
[themesbrand.com/skote/layouts/assets/images/flags/us.jpg]
[themesbrand.com/skote/layouts/assets/images/flags/spain.jpg]
[themesbrand.com/skote/layouts/assets/images/flags/germany.jpg]
[themesbrand.com/skote/layouts/assets/images/flags/italy.jpg]
[themesbrand.com/skote/layouts/assets/images/flags/russia.jpg]
[themesbrand.com/skote/layouts/assets/images/brands/github.png]
[themesbrand.com/skote/layouts/assets/images/brands/bitbucket.png]
[themesbrand.com/skote/layouts/assets/images/brands/dribbble.png]
[themesbrand.com/skote/layouts/assets/images/brands/dropbox.png]
[themesbrand.com/skote/layouts/assets/images/brands/mail_chimp.png]
[themesbrand.com/skote/layouts/assets/images/brands/slack.png]
[themesbrand.com/skote/layouts/assets/images/users/avatar-3.jpg]
[themesbrand.com/skote/layouts/assets/images/users/avatar-4.jpg]
[themesbrand.com/skote/layouts/assets/images/users/avatar-1.jpg]
[themesbrand.com/skote/layouts/dashboard-saas.html]
[themesbrand.com/skote/layouts/dashboard-crypto.html]
[themesbrand.com/skote/layouts/dashboard-blog.html]
[themesbrand.com/skote/layouts/layouts-light-sidebar.html]
[themesbrand.com/skote/layouts/layouts-compact-sidebar.html]
[themesbrand.com/skote/layouts/layouts-icon-sidebar.html]
[themesbrand.com/skote/layouts/layouts-boxed.html]
[themesbrand.com/skote/layouts/layouts-preloader.html]
[themesbrand.com/skote/layouts/layouts-colored-sidebar.html]
[themesbrand.com/skote/layouts/layouts-scrollable.html]
[themesbrand.com/skote/layouts/layouts-horizontal.html]
[themesbrand.com/skote/layouts/layouts-hori-topbar-light.html]
[themesbrand.com/skote/layouts/layouts-hori-boxed-width.html]
[themesbrand.com/skote/layouts/layouts-hori-preloader.html]
[themesbrand.com/skote/layouts/layouts-hori-colored-header.html]
[themesbrand.com/skote/layouts/layouts-hori-scrollable.html]
[themesbrand.com/skote/layouts/calendar.html]
[themesbrand.com/skote/layouts/chat.html]
[themesbrand.com/skote/layouts/apps-filemanager.html]
[themesbrand.com/skote/layouts/ecommerce-products.html]
[themesbrand.com/skote/layouts/ecommerce-product-detail.html]
[themesbrand.com/skote/layouts/ecommerce-orders.html]
[themesbrand.com/skote/layouts/ecommerce-customers.html]
[themesbrand.com/skote/layouts/ecommerce-cart.html]
[themesbrand.com/skote/layouts/ecommerce-checkout.html]
[themesbrand.com/skote/layouts/ecommerce-shops.html]
[themesbrand.com/skote/layouts/ecommerce-add-product.html]
[themesbrand.com/skote/layouts/crypto-wallet.html]
[themesbrand.com/skote/layouts/crypto-buy-sell.html]
[themesbrand.com/skote/layouts/crypto-exchange.html]
[themesbrand.com/skote/layouts/crypto-lending.html]
[themesbrand.com/skote/layouts/crypto-orders.html]
[themesbrand.com/skote/layouts/crypto-kyc-application.html]
[themesbrand.com/skote/layouts/crypto-ico-landing.html]
[themesbrand.com/skote/layouts/email-inbox.html]
[themesbrand.com/skote/layouts/email-read.html]
[themesbrand.com/skote/layouts/email-template-basic.html]
[themesbrand.com/skote/layouts/email-template-alert.html]
[themesbrand.com/skote/layouts/email-template-billing.html]
[themesbrand.com/skote/layouts/invoices-list.html]
[themesbrand.com/skote/layouts/invoices-detail.html]
[themesbrand.com/skote/layouts/projects-grid.html]
[themesbrand.com/skote/layouts/projects-list.html]
[themesbrand.com/skote/layouts/projects-overview.html]
[themesbrand.com/skote/layouts/projects-create.html]
[themesbrand.com/skote/layouts/tasks-list.html]
[themesbrand.com/skote/layouts/tasks-kanban.html]
[themesbrand.com/skote/layouts/tasks-create.html]
[themesbrand.com/skote/layouts/contacts-grid.html]
[themesbrand.com/skote/layouts/contacts-list.html]
[themesbrand.com/skote/layouts/contacts-profile.html]
[themesbrand.com/skote/layouts/blog-list.html]
[themesbrand.com/skote/layouts/blog-grid.html]
[themesbrand.com/skote/layouts/blog-details.html]
[themesbrand.com/skote/layouts/auth-login.html]
[themesbrand.com/skote/layouts/auth-login-2.html]
[themesbrand.com/skote/layouts/auth-register.html]
[themesbrand.com/skote/layouts/auth-register-2.html]
[themesbrand.com/skote/layouts/auth-recoverpw.html]
[themesbrand.com/skote/layouts/auth-recoverpw-2.html]
[themesbrand.com/skote/layouts/auth-lock-screen.html]
[themesbrand.com/skote/layouts/auth-lock-screen-2.html]
[themesbrand.com/skote/layouts/auth-confirm-mail.html]
[themesbrand.com/skote/layouts/auth-confirm-mail-2.html]
[themesbrand.com/skote/layouts/auth-email-verification.html]
[themesbrand.com/skote/layouts/auth-email-verification-2.html]
[themesbrand.com/skote/layouts/auth-two-step-verification.html]
[themesbrand.com/skote/layouts/auth-two-step-verification-2.html]
[themesbrand.com/skote/layouts/pages-starter.html]
[themesbrand.com/skote/layouts/pages-maintenance.html]
[themesbrand.com/skote/layouts/pages-comingsoon.html]
[themesbrand.com/skote/layouts/pages-timeline.html]
[themesbrand.com/skote/layouts/pages-faqs.html]
[themesbrand.com/skote/layouts/pages-pricing.html]
[themesbrand.com/skote/layouts/pages-404.html]
[themesbrand.com/skote/layouts/pages-500.html]
[themesbrand.com/skote/layouts/ui-alerts.html]
[themesbrand.com/skote/layouts/ui-buttons.html]
[themesbrand.com/skote/layouts/ui-cards.html]
[themesbrand.com/skote/layouts/ui-carousel.html]
[themesbrand.com/skote/layouts/ui-dropdowns.html]
[themesbrand.com/skote/layouts/ui-grid.html]
[themesbrand.com/skote/layouts/ui-images.html]
[themesbrand.com/skote/layouts/ui-lightbox.html]
[themesbrand.com/skote/layouts/ui-modals.html]
[themesbrand.com/skote/layouts/ui-offcanvas.html]
[themesbrand.com/skote/layouts/ui-rangeslider.html]
[themesbrand.com/skote/layouts/ui-session-timeout.html]
[themesbrand.com/skote/layouts/ui-progressbars.html]
[themesbrand.com/skote/layouts/ui-sweet-alert.html]
[themesbrand.com/skote/layouts/ui-tabs-accordions.html]
[themesbrand.com/skote/layouts/ui-typography.html]
[themesbrand.com/skote/layouts/ui-video.html]
[themesbrand.com/skote/layouts/ui-general.html]
[themesbrand.com/skote/layouts/ui-colors.html]
[themesbrand.com/skote/layouts/ui-rating.html]
[themesbrand.com/skote/layouts/ui-notifications.html]
[themesbrand.com/skote/layouts/form-elements.html]
[themesbrand.com/skote/layouts/form-layouts.html]
[themesbrand.com/skote/layouts/form-validation.html]
[themesbrand.com/skote/layouts/form-advanced.html]
[themesbrand.com/skote/layouts/form-editors.html]
[themesbrand.com/skote/layouts/form-uploads.html]
[themesbrand.com/skote/layouts/form-xeditable.html]
[themesbrand.com/skote/layouts/form-repeater.html]
[themesbrand.com/skote/layouts/form-wizard.html]
[themesbrand.com/skote/layouts/form-mask.html]
[themesbrand.com/skote/layouts/tables-basic.html]
[themesbrand.com/skote/layouts/tables-datatable.html]
[themesbrand.com/skote/layouts/tables-responsive.html]
[themesbrand.com/skote/layouts/tables-editable.html]
[themesbrand.com/skote/layouts/charts-apex.html]
[themesbrand.com/skote/layouts/charts-echart.html]
[themesbrand.com/skote/layouts/charts-chartjs.html]
[themesbrand.com/skote/layouts/charts-flot.html]
[themesbrand.com/skote/layouts/charts-tui.html]
[themesbrand.com/skote/layouts/charts-knob.html]
[themesbrand.com/skote/layouts/charts-sparkline.html]
[themesbrand.com/skote/layouts/icons-boxicons.html]
[themesbrand.com/skote/layouts/icons-materialdesign.html]
[themesbrand.com/skote/layouts/icons-dripicons.html]
[themesbrand.com/skote/layouts/icons-fontawesome.html]
[themesbrand.com/skote/layouts/maps-google.html]
[themesbrand.com/skote/layouts/maps-vector.html]
[themesbrand.com/skote/layouts/maps-leaflet.html]
[themesbrand.com/skote/layouts/assets/images/profile-img.png]
[themesbrand.com/skote/layouts/assets/images/product/img-7.png]
[themesbrand.com/skote/layouts/assets/images/product/img-4.png]
[themesbrand.com/skote/layouts/assets/images/layouts/layout-1.jpg]
[themesbrand.com/skote/layouts/assets/images/layouts/layout-2.jpg]
[themesbrand.com/skote/layouts/assets/images/layouts/layout-3.jpg]
[themesbrand.com/skote/layouts/assets/images/layouts/layout-4.jpg]
[themesbrand.com/skote/layouts/assets/libs/jquery/jquery.min.js]
[themesbrand.com/skote/layouts/assets/libs/bootstrap/js/bootstrap.bundle.min.js]
[themesbrand.com/skote/layouts/assets/libs/metismenu/metisMenu.min.js]
[themesbrand.com/skote/layouts/assets/libs/simplebar/simplebar.min.js]
[themesbrand.com/skote/layouts/assets/libs/node-waves/waves.min.js]
[themesbrand.com/skote/layouts/assets/js/pages/dashboard.init.js]
[themesbrand.com/skote/layouts/assets/libs/apexcharts/apexcharts.min.js]
[themesbrand.com/skote/layouts/index.html]
[themesbrand.com/skote/layouts/assets/css/bootstrap.min.css]
[themesbrand.com/skote/layouts/assets/js/app.js]
[themesbrand.com/skote/layouts/assets/fonts/materialdesignicons-webfonte910.eot]
[themesbrand.com/skote/layouts/assets/fonts/materialdesignicons-webfontd41d.eot]
[themesbrand.com/skote/layouts/assets/fonts/materialdesignicons-webfonte910.woff]
[themesbrand.com/skote/layouts/assets/fonts/materialdesignicons-webfonte910.ttf]
[themesbrand.com/skote/layouts/assets/fonts/boxicons.eot]
[themesbrand.com/skote/layouts/assets/fonts/boxicons.woff]
[themesbrand.com/skote/layouts/assets/fonts/boxicons.ttf]
[themesbrand.com/skote/layouts/assets/fonts/fa-brands-400.eot]
[themesbrand.com/skote/layouts/assets/fonts/fa-brands-400d41d.eot]
[themesbrand.com/skote/layouts/assets/fonts/fa-brands-400.woff]
[themesbrand.com/skote/layouts/assets/fonts/fa-brands-400.ttf]
[themesbrand.com/skote/layouts/assets/fonts/fa-regular-400.eot]
[themesbrand.com/skote/layouts/assets/fonts/fa-regular-400d41d.eot]
[themesbrand.com/skote/layouts/assets/fonts/fa-regular-400.woff]
[themesbrand.com/skote/layouts/assets/fonts/fa-regular-400.ttf]
[themesbrand.com/skote/layouts/assets/fonts/fa-solid-900.eot]
[themesbrand.com/skote/layouts/assets/fonts/fa-solid-900d41d.eot]
[themesbrand.com/skote/layouts/assets/fonts/fa-solid-900.woff]
[themesbrand.com/skote/layouts/assets/fonts/fa-solid-900.ttf]
[themesbrand.com/skote/layouts/assets/fonts/dripicons-v2.eot]
[themesbrand.com/skote/layouts/assets/fonts/dripicons-v2d41d.eot]
[themesbrand.com/skote/layouts/assets/fonts/dripicons-v2.woff]
[themesbrand.com/skote/layouts/assets/fonts/dripicons-v2.ttf]
[themesbrand.com/skote/layouts/assets/css/icons.min.css]
[themesbrand.com/skote/layouts/assets/css/app.min.css]
[themesbrand.com/skote/layouts/assets/images/logo.svg]
[themesbrand.com/skote/layouts/assets/images/logo-light.svg]
[themesbrand.com/skote/layouts/assets/js/pages/saas-dashboard.init.js]
[themesbrand.com/skote/layouts/dashboard-saas.html]
[themesbrand.com/skote/layouts/assets/images/crypto/features-img/img-1.png]
[themesbrand.com/skote/layouts/assets/images/companies/img-1.png]
[themesbrand.com/skote/layouts/assets/images/companies/img-2.png]
[themesbrand.com/skote/layouts/assets/images/companies/img-3.png]
[themesbrand.com/skote/layouts/dashboard-crypto.html]
[themesbrand.com/skote/layouts/assets/js/pages/crypto-dashboard.init.js]
[themesbrand.com/skote/layouts/assets/images/small/img-2.jpg]
[themesbrand.com/skote/layouts/assets/images/small/img-6.jpg]
[themesbrand.com/skote/layouts/assets/images/small/img-1.jpg]
[themesbrand.com/skote/layouts/assets/images/users/avatar-2.jpg]
[themesbrand.com/skote/layouts/assets/js/pages/dashboard-blog.init.js]
[themesbrand.com/skote/layouts/dashboard-blog.html]
[themesbrand.com/skote/layouts/layouts-light-sidebar.html]
[themesbrand.com/skote/layouts/layouts-compact-sidebar.html]
[themesbrand.com/skote/layouts/layouts-icon-sidebar.html]
[themesbrand.com/skote/layouts/layouts-boxed.html]
[themesbrand.com/skote/layouts/layouts-preloader.html]
[themesbrand.com/skote/layouts/layouts-colored-sidebar.html]
[themesbrand.com/skote/layouts/layouts-scrollable.html]
[themesbrand.com/skote/layouts/layouts-horizontal.html]
[themesbrand.com/skote/layouts/layouts-hori-topbar-light.html]
[themesbrand.com/skote/layouts/layouts-hori-boxed-width.html]
[themesbrand.com/skote/layouts/layouts-hori-preloader.html]
[themesbrand.com/skote/layouts/layouts-hori-colored-header.html]
[themesbrand.com/skote/layouts/layouts-hori-scrollable.html]
[themesbrand.com/skote/layouts/assets/libs/tui-time-picker/tui-time-picker.min.css]
[themesbrand.com/skote/layouts/assets/libs/tui-date-picker/tui-date-picker.min.css]
[themesbrand.com/skote/layouts/assets/libs/tui-calendar/tui-calendar.min.css]
[uicdn.toast.com/tui.code-snippet/latest/tui-code-snippet.min.js]
[themesbrand.com/skote/layouts/assets/libs/tui-dom/tui-dom.min.js]
[themesbrand.com/skote/layouts/assets/libs/tui-time-picker/tui-time-picker.min.js]
[themesbrand.com/skote/layouts/assets/libs/tui-date-picker/tui-date-picker.min.js]
[themesbrand.com/skote/layouts/assets/libs/moment/min/moment.min.js]
[themesbrand.com/skote/layouts/assets/libs/chance/chance.min.js]
[themesbrand.com/skote/layouts/assets/libs/tui-calendar/tui-calendar.min.js]
[themesbrand.com/skote/layouts/assets/js/pages/calendars.js]
[themesbrand.com/skote/layouts/assets/js/pages/schedules.js]
[themesbrand.com/skote/layouts/calendar.html]
[themesbrand.com/skote/layouts/assets/js/pages/calendar.init.js]
[themesbrand.com/skote/layouts/assets/images/users/avatar-6.jpg]
[themesbrand.com/skote/layouts/chat.html]
[themesbrand.com/skote/layouts/assets/js/pages/file-manager.init.js]
[themesbrand.com/skote/layouts/apps-filemanager.html]
[themesbrand.com/skote/layouts/assets/libs/ion-rangeslider/css/ion.rangeSlider.min.css]
[themesbrand.com/skote/layouts/assets/images/product/img-1.png]
[themesbrand.com/skote/layouts/assets/images/product/img-2.png]
[themesbrand.com/skote/layouts/assets/images/product/img-3.png]
[themesbrand.com/skote/layouts/assets/images/product/img-5.png]
[themesbrand.com/skote/layouts/assets/images/product/img-6.png]
[themesbrand.com/skote/layouts/assets/libs/ion-rangeslider/js/ion.rangeSlider.min.js]
[themesbrand.com/skote/layouts/assets/js/pages/product-filter-range.init.js]
[themesbrand.com/skote/layouts/ecommerce-products.html]
[themesbrand.com/skote/layouts/assets/images/product/img-8.png]
[themesbrand.com/skote/layouts/assets/images/users/avatar-5.jpg]
[themesbrand.com/skote/layouts/ecommerce-product-detail.html]
[themesbrand.com/skote/layouts/ecommerce-orders.html]
[themesbrand.com/skote/layouts/ecommerce-customers.html]
[themesbrand.com/skote/layouts/assets/libs/bootstrap-touchspin/jquery.bootstrap-touchspin.min.css]
[themesbrand.com/skote/layouts/assets/libs/bootstrap-touchspin/jquery.bootstrap-touchspin.min.js]
[themesbrand.com/skote/layouts/assets/js/pages/ecommerce-cart.init.js]
[themesbrand.com/skote/layouts/ecommerce-cart.html]
[themesbrand.com/skote/layouts/assets/libs/select2/css/select2.min.css]
[themesbrand.com/skote/layouts/assets/libs/select2/js/select2.min.js]
[themesbrand.com/skote/layouts/assets/js/pages/ecommerce-select2.init.js]
[themesbrand.com/skote/layouts/ecommerce-checkout.html]
[themesbrand.com/skote/layouts/ecommerce-shops.html]
[themesbrand.com/skote/layouts/assets/libs/dropzone/min/dropzone.min.css]
[themesbrand.com/skote/layouts/ecommerce-add-product.html]
[themesbrand.com/skote/layouts/assets/libs/dropzone/min/dropzone.min.js]
[themesbrand.com/skote/layouts/assets/libs/datatables.net-bs4/css/dataTables.bootstrap4.min.css]
[themesbrand.com/skote/layouts/assets/libs/datatables.net-responsive-bs4/css/responsive.bootstrap4.min.css]
[themesbrand.com/skote/layouts/assets/libs/datatables.net/js/jquery.dataTables.min.js]
[themesbrand.com/skote/layouts/assets/libs/datatables.net-bs4/js/dataTables.bootstrap4.min.js]
[themesbrand.com/skote/layouts/assets/libs/datatables.net-responsive/js/dataTables.responsive.min.js]
[themesbrand.com/skote/layouts/assets/libs/datatables.net-responsive-bs4/js/responsive.bootstrap4.min.js]
[themesbrand.com/skote/layouts/assets/js/pages/crypto-wallet.init.js]
[themesbrand.com/skote/layouts/crypto-wallet.html]
[themesbrand.com/skote/layouts/crypto-buy-sell.html]
[themesbrand.com/skote/layouts/assets/js/pages/crypto-exchange.init.js]
[themesbrand.com/skote/layouts/crypto-exchange.html]
[themesbrand.com/skote/layouts/crypto-lending.html]
[themesbrand.com/skote/layouts/assets/libs/bootstrap-datepicker/css/bootstrap-datepicker.min.css]
[themesbrand.com/skote/layouts/assets/libs/bootstrap-datepicker/js/bootstrap-datepicker.min.js]
[themesbrand.com/skote/layouts/assets/js/pages/crypto-orders.init.js]
[themesbrand.com/skote/layouts/crypto-orders.html]
[themesbrand.com/skote/layouts/assets/images/verification-img.png]
[themesbrand.com/skote/layouts/assets/libs/jquery-steps/build/jquery.steps.min.js]
[themesbrand.com/skote/layouts/assets/js/pages/crypto-kyc-app.init.js]
[themesbrand.com/skote/layouts/crypto-kyc-application.html]
[themesbrand.com/skote/layouts/assets/libs/owl.carousel/assets/owl.carousel.min.css]
[themesbrand.com/skote/layouts/assets/libs/owl.carousel/assets/owl.theme.default.min.css]
[themesbrand.com/skote/layouts/assets/images/clients/1.png]
[themesbrand.com/skote/layouts/assets/images/clients/2.png]
[themesbrand.com/skote/layouts/assets/images/clients/3.png]
[themesbrand.com/skote/layouts/assets/images/clients/4.png]
[themesbrand.com/skote/layouts/assets/images/clients/5.png]
[themesbrand.com/skote/layouts/assets/images/clients/6.png]
[themesbrand.com/skote/layouts/assets/images/crypto/features-img/img-2.png]
[themesbrand.com/skote/layouts/assets/images/users/avatar-8.jpg]
[themesbrand.com/skote/layouts/assets/images/crypto/blog/img-1.jpg]
[themesbrand.com/skote/layouts/assets/images/crypto/blog/img-2.jpg]
[themesbrand.com/skote/layouts/assets/images/crypto/blog/img-3.jpg]
[themesbrand.com/skote/layouts/assets/libs/jquery.easing/jquery.easing.min.js]
[themesbrand.com/skote/layouts/assets/libs/jquery-countdown/jquery.countdown.min.js]
[themesbrand.com/skote/layouts/assets/libs/owl.carousel/owl.carousel.min.js]
[themesbrand.com/skote/layouts/assets/js/pages/ico-landing.init.js]
[themesbrand.com/skote/layouts/crypto-ico-landing.html]
[themesbrand.com/skote/layouts/assets/js/pages/email-editor.init.js]
[themesbrand.com/skote/layouts/email-inbox.html]
[themesbrand.com/skote/layouts/assets/libs/tinymce/tinymce.min.js]
[themesbrand.com/skote/layouts/assets/images/small/img-3.jpg]
[themesbrand.com/skote/layouts/assets/images/small/img-4.jpg]
[themesbrand.com/skote/layouts/email-read.html]
[themesbrand.com/skote/layouts/email-template-basic.html]
[themesbrand.com/skote/layouts/email-template-alert.html]
[themesbrand.com/skote/layouts/email-template-billing.html]
[themesbrand.com/skote/layouts/assets/images/users/avatar-7.jpg]
[themesbrand.com/skote/layouts/invoices-list.html]
[themesbrand.com/skote/layouts/invoices-detail.html]
[themesbrand.com/skote/layouts/assets/images/companies/img-4.png]
[themesbrand.com/skote/layouts/assets/images/companies/img-5.png]
[themesbrand.com/skote/layouts/assets/images/companies/img-6.png]
[themesbrand.com/skote/layouts/projects-grid.html]
[themesbrand.com/skote/layouts/projects-list.html]
[themesbrand.com/skote/layouts/assets/js/pages/project-overview.init.js]
[themesbrand.com/skote/layouts/projects-overview.html]
[themesbrand.com/skote/layouts/projects-create.html]
[themesbrand.com/skote/layouts/assets/js/pages/tasklist.init.js]
[themesbrand.com/skote/layouts/tasks-list.html]
[themesbrand.com/skote/layouts/assets/libs/dragula/dragula.min.css]
[themesbrand.com/skote/layouts/assets/images/small/img-5.jpg]
[themesbrand.com/skote/layouts/assets/libs/dragula/dragula.min.js]
[themesbrand.com/skote/layouts/assets/libs/jquery-validation/jquery.validate.min.js]
[themesbrand.com/skote/layouts/assets/js/pages/task-kanban.init.js]
[themesbrand.com/skote/layouts/tasks-kanban.html]
[themesbrand.com/skote/layouts/assets/js/pages/task-form.init.js]
[themesbrand.com/skote/layouts/assets/libs/jquery.repeater/jquery.repeater.min.js]
[themesbrand.com/skote/layouts/assets/js/pages/task-create.init.js]
[themesbrand.com/skote/layouts/tasks-create.html]
[themesbrand.com/skote/layouts/contacts-grid.html]
[themesbrand.com/skote/layouts/contacts-list.html]
[themesbrand.com/skote/layouts/assets/js/pages/profile.init.js]
[themesbrand.com/skote/layouts/contacts-profile.html]
[themesbrand.com/skote/layouts/assets/images/small/img-7.jpg]
[themesbrand.com/skote/layouts/blog-list.html]
[themesbrand.com/skote/layouts/blog-grid.html]
[themesbrand.com/skote/layouts/blog-details.html]
[themesbrand.com/skote/layouts/auth-login.html]
[themesbrand.com/skote/layouts/assets/js/pages/auth-2-carousel.init.js]
[themesbrand.com/skote/layouts/auth-login-2.html]
[themesbrand.com/skote/layouts/assets/js/pages/validation.init.js]
[themesbrand.com/skote/layouts/auth-register.html]
[themesbrand.com/skote/layouts/auth-register-2.html]
[themesbrand.com/skote/layouts/auth-recoverpw.html]
[themesbrand.com/skote/layouts/auth-recoverpw-2.html]
[themesbrand.com/skote/layouts/auth-lock-screen.html]
[themesbrand.com/skote/layouts/auth-lock-screen-2.html]
[themesbrand.com/skote/layouts/auth-confirm-mail.html]
[themesbrand.com/skote/layouts/auth-confirm-mail-2.html]
[themesbrand.com/skote/layouts/auth-email-verification.html]
[themesbrand.com/skote/layouts/auth-email-verification-2.html]
[themesbrand.com/skote/layouts/assets/js/pages/two-step-verification.init.js]
[themesbrand.com/skote/layouts/auth-two-step-verification.html]
[themesbrand.com/skote/layouts/auth-two-step-verification-2.html]
[themesbrand.com/skote/layouts/pages-starter.html]
[themesbrand.com/skote/layouts/pages-maintenance.html]
[themesbrand.com/skote/layouts/assets/js/pages/coming-soon.init.js]
[themesbrand.com/skote/layouts/pages-comingsoon.html]
[themesbrand.com/skote/layouts/assets/js/pages/timeline.init.js]
[themesbrand.com/skote/layouts/pages-timeline.html]
[themesbrand.com/skote/layouts/pages-faqs.html]
[themesbrand.com/skote/layouts/pages-pricing.html]
[themesbrand.com/skote/layouts/assets/images/error-img.png]
[themesbrand.com/skote/layouts/pages-404.html]
[themesbrand.com/skote/layouts/pages-500.html]
[themesbrand.com/skote/layouts/ui-alerts.html]
[themesbrand.com/skote/layouts/ui-buttons.html]
[themesbrand.com/skote/layouts/ui-cards.html]
[themesbrand.com/skote/layouts/ui-carousel.html]
[themesbrand.com/skote/layouts/ui-dropdowns.html]
[themesbrand.com/skote/layouts/ui-grid.html]
[themesbrand.com/skote/layouts/ui-images.html]
[themesbrand.com/skote/layouts/assets/libs/masonry-layout/masonry.pkgd.min.js]
[themesbrand.com/skote/layouts/assets/libs/magnific-popup/magnific-popup.css]
[themesbrand.com/skote/layouts/assets/libs/magnific-popup/jquery.magnific-popup.min.js]
[themesbrand.com/skote/layouts/assets/js/pages/lightbox.init.js]
[themesbrand.com/skote/layouts/ui-lightbox.html]
[themesbrand.com/skote/layouts/ui-modals.html]
[themesbrand.com/skote/layouts/ui-offcanvas.html]
[themesbrand.com/skote/layouts/assets/js/pages/range-sliders.init.js]
[themesbrand.com/skote/layouts/ui-rangeslider.html]
[themesbrand.com/skote/layouts/assets/libs/@curiosityx/bootstrap-session-timeout/index.js]
[themesbrand.com/skote/layouts/assets/js/pages/session-timeout.init.js]
[themesbrand.com/skote/layouts/ui-session-timeout.html]
[themesbrand.com/skote/layouts/ui-progressbars.html]
[themesbrand.com/skote/layouts/assets/libs/sweetalert2/sweetalert2.min.css]
[themesbrand.com/skote/layouts/assets/libs/sweetalert2/sweetalert2.min.js]
[themesbrand.com/skote/layouts/assets/js/pages/sweet-alerts.init.js]
[themesbrand.com/skote/layouts/ui-sweet-alert.html]
[themesbrand.com/skote/layouts/ui-tabs-accordions.html]
[themesbrand.com/skote/layouts/ui-typography.html]
[themesbrand.com/skote/layouts/ui-video.html]
[themesbrand.com/skote/layouts/ui-general.html]
[themesbrand.com/skote/layouts/ui-colors.html]
[themesbrand.com/skote/layouts/assets/libs/bootstrap-rating/bootstrap-rating.css]
[themesbrand.com/skote/layouts/assets/libs/bootstrap-rating/bootstrap-rating.min.js]
[themesbrand.com/skote/layouts/assets/js/pages/rating-init.js]
[themesbrand.com/skote/layouts/ui-rating.html]
[themesbrand.com/skote/layouts/assets/libs/toastr/build/toastr.min.css]
[themesbrand.com/skote/layouts/assets/libs/toastr/build/toastr.min.js]
[themesbrand.com/skote/layouts/assets/js/pages/toastr.init.js]
[themesbrand.com/skote/layouts/ui-notifications.html]
[themesbrand.com/skote/layouts/form-elements.html]
[themesbrand.com/skote/layouts/form-layouts.html]
[themesbrand.com/skote/layouts/assets/libs/parsleyjs/parsley.min.js]
[themesbrand.com/skote/layouts/assets/js/pages/form-validation.init.js]
[themesbrand.com/skote/layouts/form-validation.html]
[themesbrand.com/skote/layouts/assets/libs/spectrum-colorpicker2/spectrum.min.css]
[themesbrand.com/skote/layouts/assets/libs/bootstrap-timepicker/css/bootstrap-timepicker.min.css]
[themesbrand.com/skote/layouts/assets/libs/@chenfengyuan/datepicker/datepicker.min.css]
[themesbrand.com/skote/layouts/assets/libs/spectrum-colorpicker2/spectrum.min.js]
[themesbrand.com/skote/layouts/assets/libs/bootstrap-timepicker/js/bootstrap-timepicker.min.js]
[themesbrand.com/skote/layouts/assets/libs/bootstrap-maxlength/bootstrap-maxlength.min.js]
[themesbrand.com/skote/layouts/assets/libs/@chenfengyuan/datepicker/datepicker.min.js]
[themesbrand.com/skote/layouts/form-advanced.html]
[themesbrand.com/skote/layouts/assets/js/pages/form-advanced.init.js]
[themesbrand.com/skote/layouts/assets/js/pages/form-editor.init.js]
[themesbrand.com/skote/layouts/form-editors.html]
[themesbrand.com/skote/layouts/form-uploads.html]
[themesbrand.com/skote/layouts/assets/libs/bootstrap-editable/css/bootstrap-editable.css]
[themesbrand.com/skote/layouts/assets/js/pages/form-xeditable.init.js]
[themesbrand.com/skote/layouts/form-xeditable.html]
[themesbrand.com/skote/layouts/assets/libs/bootstrap-editable/js/index.js]
[themesbrand.com/skote/layouts/assets/js/pages/form-repeater.int.js]
[themesbrand.com/skote/layouts/form-repeater.html]
[themesbrand.com/skote/layouts/assets/js/pages/form-wizard.init.js]
[themesbrand.com/skote/layouts/form-wizard.html]
[themesbrand.com/skote/layouts/assets/libs/inputmask/min/jquery.inputmask.bundle.min.js]
[themesbrand.com/skote/layouts/assets/js/pages/form-mask.init.js]
[themesbrand.com/skote/layouts/form-mask.html]
[themesbrand.com/skote/layouts/tables-basic.html]
[themesbrand.com/skote/layouts/assets/libs/datatables.net-buttons-bs4/css/buttons.bootstrap4.min.css]
[themesbrand.com/skote/layouts/assets/libs/datatables.net-buttons/js/dataTables.buttons.min.js]
[themesbrand.com/skote/layouts/assets/libs/datatables.net-buttons-bs4/js/buttons.bootstrap4.min.js]
[themesbrand.com/skote/layouts/assets/libs/jszip/jszip.min.js]
[themesbrand.com/skote/layouts/assets/libs/pdfmake/build/vfs_fonts.js]
[themesbrand.com/skote/layouts/assets/libs/pdfmake/build/pdfmake.min.js]
[themesbrand.com/skote/layouts/assets/libs/datatables.net-buttons/js/buttons.html5.min.js]
[themesbrand.com/skote/layouts/assets/libs/datatables.net-buttons/js/buttons.print.min.js]
[themesbrand.com/skote/layouts/assets/libs/datatables.net-buttons/js/buttons.colVis.min.js]
[themesbrand.com/skote/layouts/assets/js/pages/datatables.init.js]
[themesbrand.com/skote/layouts/tables-datatable.html]
[themesbrand.com/skote/layouts/assets/libs/admin-resources/rwd-table/rwd-table.min.css]
[themesbrand.com/skote/layouts/assets/libs/admin-resources/rwd-table/rwd-table.min.js]
[themesbrand.com/skote/layouts/assets/js/pages/table-responsive.init.js]
[themesbrand.com/skote/layouts/tables-responsive.html]
[themesbrand.com/skote/layouts/assets/libs/table-edits/build/table-edits.min.js]
[themesbrand.com/skote/layouts/assets/js/pages/table-editable.int.js]
[themesbrand.com/skote/layouts/tables-editable.html]
[themesbrand.com/skote/layouts/charts-apex.html]
[themesbrand.com/skote/layouts/assets/js/pages/apexcharts.init.js]
[themesbrand.com/skote/layouts/charts-echart.html]
[themesbrand.com/skote/layouts/assets/js/pages/echarts.init.js]
[themesbrand.com/skote/layouts/assets/libs/echarts/echarts.min.js]
[themesbrand.com/skote/layouts/assets/js/pages/chartjs.init.js]
[themesbrand.com/skote/layouts/charts-chartjs.html]
[themesbrand.com/skote/layouts/assets/libs/chart.js/Chart.bundle.min.js]
[themesbrand.com/skote/layouts/assets/libs/flot-charts/jquery.flot.js]
[themesbrand.com/skote/layouts/assets/libs/flot-charts/jquery.flot.time.js]
[themesbrand.com/skote/layouts/assets/libs/jquery.flot.tooltip/js/jquery.flot.tooltip.min.js]
[themesbrand.com/skote/layouts/assets/libs/flot-charts/jquery.flot.resize.js]
[themesbrand.com/skote/layouts/assets/libs/flot-charts/jquery.flot.pie.js]
[themesbrand.com/skote/layouts/assets/libs/flot-charts/jquery.flot.selection.js]
[themesbrand.com/skote/layouts/assets/libs/flot-charts/jquery.flot.stack.js]
[themesbrand.com/skote/layouts/assets/libs/flot-charts/jquery.flot.crosshair.js]
[themesbrand.com/skote/layouts/assets/js/pages/flot.init.js]
[themesbrand.com/skote/layouts/charts-flot.html]
[themesbrand.com/skote/layouts/assets/libs/tui-chart/tui-chart.min.css]
[themesbrand.com/skote/layouts/assets/libs/tui-chart/maps/usa.js]
[themesbrand.com/skote/layouts/assets/libs/tui-chart/tui-chart-all.min.js]
[themesbrand.com/skote/layouts/charts-tui.html]
[themesbrand.com/skote/layouts/assets/js/pages/tui-charts.init.js]
[themesbrand.com/skote/layouts/assets/libs/jquery-knob/jquery.knob.min.js]
[themesbrand.com/skote/layouts/assets/js/pages/jquery-knob.init.js]
[themesbrand.com/skote/layouts/charts-knob.html]
[themesbrand.com/skote/layouts/assets/libs/jquery-sparkline/jquery.sparkline.min.js]
[themesbrand.com/skote/layouts/assets/js/pages/sparklines.init.js]
[themesbrand.com/skote/layouts/charts-sparkline.html]
[themesbrand.com/skote/layouts/icons-boxicons.html]
[themesbrand.com/skote/layouts/icons-materialdesign.html]
[themesbrand.com/skote/layouts/icons-dripicons.html]
[themesbrand.com/skote/layouts/icons-fontawesome.html]
[themesbrand.com/skote/layouts/assets/js/pages/materialdesign.init.js]
[themesbrand.com/skote/layouts/assets/js/pages/fontawesome.init.js]
[themesbrand.com/skote/layouts/assets/libs/gmaps/gmaps.min.js]
[themesbrand.com/skote/layouts/assets/js/pages/gmaps.init.js]
[themesbrand.com/skote/layouts/maps-google.html]
[themesbrand.com/skote/layouts/assets/libs/admin-resources/jquery.vectormap/jquery-jvectormap-1.2.2.css]
[themesbrand.com/skote/layouts/assets/libs/admin-resources/jquery.vectormap/jquery-jvectormap-1.2.2.min.js]
[themesbrand.com/skote/layouts/assets/libs/admin-resources/jquery.vectormap/maps/jquery-jvectormap-world-mill-en.js]
[themesbrand.com/skote/layouts/assets/libs/admin-resources/jquery.vectormap/maps/jquery-jvectormap-us-merc-en.js]
[themesbrand.com/skote/layouts/assets/libs/admin-resources/jquery.vectormap/maps/jquery-jvectormap-in-mill-en.js]
[themesbrand.com/skote/layouts/assets/libs/admin-resources/jquery.vectormap/maps/jquery-jvectormap-au-mill-en.js]
[themesbrand.com/skote/layouts/assets/libs/admin-resources/jquery.vectormap/maps/jquery-jvectormap-us-il-chicago-mill-en.js]
[themesbrand.com/skote/layouts/assets/libs/admin-resources/jquery.vectormap/maps/jquery-jvectormap-uk-mill-en.js]
[themesbrand.com/skote/layouts/assets/libs/admin-resources/jquery.vectormap/maps/jquery-jvectormap-ca-lcc-en.js]
[themesbrand.com/skote/layouts/assets/js/pages/vector-maps.init.js]
[themesbrand.com/skote/layouts/maps-vector.html]
[themesbrand.com/skote/layouts/assets/libs/leaflet/leaflet.css]
[themesbrand.com/skote/layouts/assets/libs/leaflet/leaflet.js]
[themesbrand.com/skote/layouts/assets/js/pages/leaflet-us-states.js]
[themesbrand.com/skote/layouts/assets/js/pages/leaflet-map.init.js]
[themesbrand.com/skote/layouts/maps-leaflet.html]
[themesbrand.com/skote/layouts/assets/fonts/materialdesignicons-webfonte910.html]
[themesbrand.com/skote/layouts/assets/fonts/boxicons.html]
[themesbrand.com/skote/layouts/assets/fonts/boxiconsd41d.svg]
[themesbrand.com/skote/layouts/assets/fonts/fa-brands-400.html]
[themesbrand.com/skote/layouts/assets/fonts/fa-brands-400.svg]
[themesbrand.com/skote/layouts/assets/fonts/fa-regular-400.html]
[themesbrand.com/skote/layouts/assets/fonts/fa-regular-400.svg]
[themesbrand.com/skote/layouts/assets/fonts/fa-solid-900.html]
[themesbrand.com/skote/layouts/assets/fonts/fa-solid-900.svg]
[themesbrand.com/skote/layouts/assets/fonts/dripicons-v2.svg]
[themesbrand.com/skote/layouts/assets/libs/tui-time-picker/tui-time-picker.min.css]
[themesbrand.com/skote/layouts/assets/libs/tui-date-picker/tui-date-picker.min.css]
[themesbrand.com/skote/layouts/assets/libs/tui-calendar/tui-calendar.min.css]
[themesbrand.com/skote/layouts/assets/libs/ion-rangeslider/css/ion.rangeSlider.min.css]
[themesbrand.com/skote/layouts/assets/libs/bootstrap-touchspin/jquery.bootstrap-touchspin.min.css]
[themesbrand.com/skote/layouts/assets/libs/select2/css/select2.min.css]
[themesbrand.com/skote/layouts/assets/libs/dropzone/min/dropzone.min.css]
[themesbrand.com/skote/layouts/assets/libs/datatables.net-bs4/css/dataTables.bootstrap4.min.css]
[themesbrand.com/skote/layouts/assets/libs/datatables.net-responsive-bs4/css/responsive.bootstrap4.min.css]
[themesbrand.com/skote/layouts/assets/libs/bootstrap-datepicker/css/bootstrap-datepicker.min.css]
[themesbrand.com/skote/layouts/assets/libs/owl.carousel/assets/owl.video.play.png]
[themesbrand.com/skote/layouts/assets/libs/owl.carousel/assets/owl.carousel.min.css]
[themesbrand.com/skote/layouts/assets/libs/owl.carousel/assets/owl.theme.default.min.css]
[themesbrand.com/skote/layouts/assets/libs/summernote/summernote-bs4.min.html]
[themesbrand.com/skote/layouts/assets/libs/dragula/dragula.min.css]
[themesbrand.com/skote/layouts/assets/images/maintenance.svg]
[themesbrand.com/skote/layouts/assets/images/coming-soon.svg]
[themesbrand.com/skote/layouts/assets/libs/magnific-popup/magnific-popup.css]
[themesbrand.com/skote/layouts/assets/libs/sweetalert2/sweetalert2.min.css]
[themesbrand.com/skote/layouts/assets/libs/bootstrap-rating/bootstrap-rating.css]
[themesbrand.com/skote/layouts/assets/libs/toastr/build/toastr.min.css]
[themesbrand.com/skote/layouts/assets/libs/spectrum-colorpicker2/spectrum.min.css]
[themesbrand.com/skote/layouts/assets/libs/bootstrap-timepicker/css/bootstrap-timepicker.min.css]
[themesbrand.com/skote/layouts/assets/libs/@chenfengyuan/datepicker/datepicker.min.css]
[themesbrand.com/skote/layouts/assets/libs/bootstrap-editable/img/loading.gif]
[themesbrand.com/skote/layouts/assets/libs/bootstrap-editable/img/clear.png]
[themesbrand.com/skote/layouts/assets/libs/bootstrap-editable/css/bootstrap-editable.css]
[themesbrand.com/skote/layouts/assets/libs/datatables.net-buttons-bs4/css/buttons.bootstrap4.min.css]
[themesbrand.com/skote/layouts/assets/libs/admin-resources/rwd-table/rwd-table.min.css]
[themesbrand.com/skote/layouts/assets/libs/flot.curvedLines/curvedLines.html]
[themesbrand.com/skote/layouts/assets/libs/tui-chart/tui-chart.min.css]
[themesbrand.com/skote/layouts/assets/libs/admin-resources/jquery.vectormap/jquery-jvectormap-1.2.2.css]
[themesbrand.com/skote/layouts/assets/libs/leaflet/images/layers.png]
[themesbrand.com/skote/layouts/assets/libs/leaflet/images/layers-2x.png]
[themesbrand.com/skote/layouts/assets/libs/leaflet/images/marker-icon.png]
[themesbrand.com/skote/layouts/assets/libs/leaflet/leaflet.css]
